// Jest Snapshot v1, https://goo.gl/fbAQLP

exports[`renders correctly 1`] = `
<View
  style={
    Object {
      "borderColor": "#505050",
      "borderWidth": 1,
      "flexDirection": "row",
      "marginVertical": 10,
      "minHeight": 40,
    }
  }
>
  <TextInput
    allowFontScaling={true}
    maxLength={30}
    placeholder="Enter text..."
    placeholderTextColor="#505050"
    rejectResponderTermination={true}
    style={
      Object {
        "color": "#FFFFFF",
        "flex": 1,
        "fontSize": 17,
        "paddingHorizontal": 15,
      }
    }
    underlineColorAndroid="transparent"
  />
  <View
    accessible={true}
    focusable={false}
    onClick={[Function]}
    onResponderGrant={[Function]}
    onResponderMove={[Function]}
    onResponderRelease={[Function]}
    onResponderTerminate={[Function]}
    onResponderTerminationRequest={[Function]}
    onStartShouldSetResponder={[Function]}
    style={
      Object {
        "opacity": 1,
        "paddingHorizontal": 12,
      }
    }
  >
    <Text
      style={
        Object {
          "color": "#1E1E1E",
        }
      }
    >
      á³µ
    </Text>
  </View>
</View>
`;
